2025-12-10T18:16:49.173+05:00  INFO 49072 --- [User-service] [main] [                                                 ] t.w.u.UserServiceApplicationTests        : Starting UserServiceApplicationTests using Java 25.0.1 with PID 49072 (started by germancerkasov in /Users/germancerkasov/Downloads/user-service-main/user-service)
2025-12-10T18:16:49.174+05:00 DEBUG 49072 --- [User-service] [main] [                                                 ] t.w.u.UserServiceApplicationTests        : Running with Spring Boot v3.5.7, Spring v6.2.12
2025-12-10T18:16:49.175+05:00  INFO 49072 --- [User-service] [main] [                                                 ] t.w.u.UserServiceApplicationTests        : No active profile set, falling back to 1 default profile: "default"
2025-12-10T18:16:49.184+05:00 DEBUG 49072 --- [User-service] [main] [                                                 ] o.s.w.c.s.GenericWebApplicationContext   : Refreshing org.springframework.web.context.support.GenericWebApplicationContext@25230246
2025-12-10T18:16:49.624+05:00  INFO 49072 --- [User-service] [main] [                                                 ] .s.d.r.c.RepositoryConfigurationDelegate : Bootstrapping Spring Data JPA repositories in DEFAULT mode.
2025-12-10T18:16:49.644+05:00  INFO 49072 --- [User-service] [main] [                                                 ] .s.d.r.c.RepositoryConfigurationDelegate : Finished Spring Data repository scanning in 16 ms. Found 1 JPA repository interface.
2025-12-10T18:16:49.853+05:00  INFO 49072 --- [User-service] [main] [                                                 ] o.hibernate.jpa.internal.util.LogHelper  : HHH000204: Processing PersistenceUnitInfo [name: default]
2025-12-10T18:16:49.878+05:00  INFO 49072 --- [User-service] [main] [                                                 ] org.hibernate.Version                    : HHH000412: Hibernate ORM core version 6.6.33.Final
2025-12-10T18:16:49.893+05:00  INFO 49072 --- [User-service] [main] [                                                 ] o.h.c.internal.RegionFactoryInitiator    : HHH000026: Second-level cache disabled
2025-12-10T18:16:49.998+05:00  INFO 49072 --- [User-service] [main] [                                                 ] o.s.o.j.p.SpringPersistenceUnitInfo      : No LoadTimeWeaver setup: ignoring JPA class transformer
2025-12-10T18:16:50.023+05:00  INFO 49072 --- [User-service] [main] [                                                 ] com.zaxxer.hikari.HikariDataSource       : HikariPool-1 - Starting...
2025-12-10T18:16:50.114+05:00  INFO 49072 --- [User-service] [main] [                                                 ] com.zaxxer.hikari.pool.HikariPool        : HikariPool-1 - Added connection org.postgresql.jdbc.PgConnection@54f69311
2025-12-10T18:16:50.114+05:00  INFO 49072 --- [User-service] [main] [                                                 ] com.zaxxer.hikari.HikariDataSource       : HikariPool-1 - Start completed.
2025-12-10T18:16:50.128+05:00  WARN 49072 --- [User-service] [main] [                                                 ] org.hibernate.orm.deprecation            : HHH90000025: PostgreSQLDialect does not need to be specified explicitly using 'hibernate.dialect' (remove the property setting and it will be selected by default)
2025-12-10T18:16:50.136+05:00  INFO 49072 --- [User-service] [main] [                                                 ] org.hibernate.orm.connections.pooling    : HHH10001005: Database info:
	Database JDBC URL [Connecting through datasource 'HikariDataSource (HikariPool-1)']
	Database driver: undefined/unknown
	Database version: 15.14
	Autocommit mode: undefined/unknown
	Isolation level: undefined/unknown
	Minimum pool size: undefined/unknown
	Maximum pool size: undefined/unknown
2025-12-10T18:16:50.486+05:00  INFO 49072 --- [User-service] [main] [                                                 ] o.h.e.t.j.p.i.JtaPlatformInitiator       : HHH000489: No JTA platform available (set 'hibernate.transaction.jta.platform' to enable JTA platform integration)
2025-12-10T18:16:50.529+05:00  INFO 49072 --- [User-service] [main] [                                                 ] j.LocalContainerEntityManagerFactoryBean : Initialized JPA EntityManagerFactory for persistence unit 'default'
2025-12-10T18:16:50.697+05:00  WARN 49072 --- [User-service] [main] [                                                 ] JpaBaseConfiguration$JpaWebConfiguration : spring.jpa.open-in-view is enabled by default. Therefore, database queries may be performed during view rendering. Explicitly configure spring.jpa.open-in-view to disable this warning
2025-12-10T18:16:50.751+05:00 DEBUG 49072 --- [User-service] [main] [                                                 ] .m.m.a.ExceptionHandlerExceptionResolver : ControllerAdvice beans: 2 @ExceptionHandler, 1 ResponseBodyAdvice
2025-12-10T18:16:50.772+05:00  INFO 49072 --- [User-service] [main] [                                                 ] eAuthenticationProviderManagerConfigurer : Global AuthenticationManager configured with AuthenticationProvider bean with name authenticationProvider
2025-12-10T18:16:50.772+05:00  WARN 49072 --- [User-service] [main] [                                                 ] r$InitializeUserDetailsManagerConfigurer : Global AuthenticationManager configured with an AuthenticationProvider bean. UserDetailsService beans will not be used by Spring Security for automatically configuring username/password login. Consider removing the AuthenticationProvider bean. Alternatively, consider using the UserDetailsService in a manually instantiated DaoAuthenticationProvider. If the current configuration is intentional, to turn off this warning, increase the logging level of 'org.springframework.security.config.annotation.authentication.configuration.InitializeUserDetailsBeanManagerConfigurer' to ERROR
2025-12-10T18:16:50.954+05:00 DEBUG 49072 --- [User-service] [main] [                                                 ] s.w.s.m.m.a.RequestMappingHandlerMapping : 19 mappings in 'requestMappingHandlerMapping'
2025-12-10T18:16:50.966+05:00 DEBUG 49072 --- [User-service] [main] [                                                 ] o.s.w.s.handler.SimpleUrlHandlerMapping  : Patterns [/webjars/**, /**, /swagger-ui*/*swagger-initializer.js, /swagger-ui*/**] in 'resourceHandlerMapping'
2025-12-10T18:16:51.029+05:00  INFO 49072 --- [User-service] [main] [                                                 ] o.s.b.a.e.web.EndpointLinksResolver      : Exposing 2 endpoints beneath base path '/actuator'
2025-12-10T18:16:51.102+05:00 DEBUG 49072 --- [User-service] [main] [                                                 ] o.s.s.web.DefaultSecurityFilterChain     : Will secure any request with filters: DisableEncodeUrlFilter, WebAsyncManagerIntegrationFilter, SecurityContextHolderFilter, HeaderWriterFilter, LogoutFilter, JwtAuthenticationFilter, RequestCacheAwareFilter, SecurityContextHolderAwareRequestFilter, AnonymousAuthenticationFilter, SessionManagementFilter, ExceptionTranslationFilter, AuthorizationFilter
2025-12-10T18:16:51.149+05:00 DEBUG 49072 --- [User-service] [main] [                                                 ] s.w.s.m.m.a.RequestMappingHandlerAdapter : ControllerAdvice beans: 0 @ModelAttribute, 0 @InitBinder, 1 RequestBodyAdvice, 1 ResponseBodyAdvice
2025-12-10T18:16:51.304+05:00  INFO 49072 --- [User-service] [main] [                                                 ] t.w.u.UserServiceApplicationTests        : Started UserServiceApplicationTests in 2.254 seconds (process running for 2.631)
2025-12-10T18:16:51.618+05:00 DEBUG 49072 --- [User-service] [SpringApplicationShutdownHook] [                                                 ] o.s.w.c.s.GenericWebApplicationContext   : Closing org.springframework.web.context.support.GenericWebApplicationContext@25230246, started on Wed Dec 10 18:16:49 GMT+05:00 2025
2025-12-10T18:16:51.623+05:00  INFO 49072 --- [User-service] [SpringApplicationShutdownHook] [                                                 ] j.LocalContainerEntityManagerFactoryBean : Closing JPA EntityManagerFactory for persistence unit 'default'
2025-12-10T18:16:51.624+05:00  INFO 49072 --- [User-service] [SpringApplicationShutdownHook] [                                                 ] com.zaxxer.hikari.HikariDataSource       : HikariPool-1 - Shutdown initiated...
2025-12-10T18:16:51.626+05:00  INFO 49072 --- [User-service] [SpringApplicationShutdownHook] [                                                 ] com.zaxxer.hikari.HikariDataSource       : HikariPool-1 - Shutdown completed.
2025-12-10T18:17:07.831+05:00  INFO 49151 --- [User-service] [main] [                                                 ] t.w.u.UserServiceApplicationTests        : Starting UserServiceApplicationTests using Java 25.0.1 with PID 49151 (started by germancerkasov in /Users/germancerkasov/Downloads/user-service-main/user-service)
2025-12-10T18:17:07.832+05:00 DEBUG 49151 --- [User-service] [main] [                                                 ] t.w.u.UserServiceApplicationTests        : Running with Spring Boot v3.5.7, Spring v6.2.12
2025-12-10T18:17:07.832+05:00  INFO 49151 --- [User-service] [main] [                                                 ] t.w.u.UserServiceApplicationTests        : No active profile set, falling back to 1 default profile: "default"
2025-12-10T18:17:07.843+05:00 DEBUG 49151 --- [User-service] [main] [                                                 ] o.s.w.c.s.GenericWebApplicationContext   : Refreshing org.springframework.web.context.support.GenericWebApplicationContext@7c891ba7
2025-12-10T18:17:08.228+05:00  INFO 49151 --- [User-service] [main] [                                                 ] .s.d.r.c.RepositoryConfigurationDelegate : Bootstrapping Spring Data JPA repositories in DEFAULT mode.
2025-12-10T18:17:08.247+05:00  INFO 49151 --- [User-service] [main] [                                                 ] .s.d.r.c.RepositoryConfigurationDelegate : Finished Spring Data repository scanning in 16 ms. Found 1 JPA repository interface.
2025-12-10T18:17:08.439+05:00  INFO 49151 --- [User-service] [main] [                                                 ] o.hibernate.jpa.internal.util.LogHelper  : HHH000204: Processing PersistenceUnitInfo [name: default]
2025-12-10T18:17:08.464+05:00  INFO 49151 --- [User-service] [main] [                                                 ] org.hibernate.Version                    : HHH000412: Hibernate ORM core version 6.6.33.Final
2025-12-10T18:17:08.477+05:00  INFO 49151 --- [User-service] [main] [                                                 ] o.h.c.internal.RegionFactoryInitiator    : HHH000026: Second-level cache disabled
2025-12-10T18:17:08.569+05:00  INFO 49151 --- [User-service] [main] [                                                 ] o.s.o.j.p.SpringPersistenceUnitInfo      : No LoadTimeWeaver setup: ignoring JPA class transformer
2025-12-10T18:17:08.579+05:00  INFO 49151 --- [User-service] [main] [                                                 ] com.zaxxer.hikari.HikariDataSource       : HikariPool-1 - Starting...
2025-12-10T18:17:08.662+05:00  INFO 49151 --- [User-service] [main] [                                                 ] com.zaxxer.hikari.pool.HikariPool        : HikariPool-1 - Added connection org.postgresql.jdbc.PgConnection@4bab804f
2025-12-10T18:17:08.663+05:00  INFO 49151 --- [User-service] [main] [                                                 ] com.zaxxer.hikari.HikariDataSource       : HikariPool-1 - Start completed.
2025-12-10T18:17:08.677+05:00  WARN 49151 --- [User-service] [main] [                                                 ] org.hibernate.orm.deprecation            : HHH90000025: PostgreSQLDialect does not need to be specified explicitly using 'hibernate.dialect' (remove the property setting and it will be selected by default)
2025-12-10T18:17:08.686+05:00  INFO 49151 --- [User-service] [main] [                                                 ] org.hibernate.orm.connections.pooling    : HHH10001005: Database info:
	Database JDBC URL [Connecting through datasource 'HikariDataSource (HikariPool-1)']
	Database driver: undefined/unknown
	Database version: 15.14
	Autocommit mode: undefined/unknown
	Isolation level: undefined/unknown
	Minimum pool size: undefined/unknown
	Maximum pool size: undefined/unknown
2025-12-10T18:17:09.012+05:00  INFO 49151 --- [User-service] [main] [                                                 ] o.h.e.t.j.p.i.JtaPlatformInitiator       : HHH000489: No JTA platform available (set 'hibernate.transaction.jta.platform' to enable JTA platform integration)
2025-12-10T18:17:09.046+05:00  INFO 49151 --- [User-service] [main] [                                                 ] j.LocalContainerEntityManagerFactoryBean : Initialized JPA EntityManagerFactory for persistence unit 'default'
2025-12-10T18:17:09.183+05:00  WARN 49151 --- [User-service] [main] [                                                 ] JpaBaseConfiguration$JpaWebConfiguration : spring.jpa.open-in-view is enabled by default. Therefore, database queries may be performed during view rendering. Explicitly configure spring.jpa.open-in-view to disable this warning
2025-12-10T18:17:09.230+05:00 DEBUG 49151 --- [User-service] [main] [                                                 ] .m.m.a.ExceptionHandlerExceptionResolver : ControllerAdvice beans: 2 @ExceptionHandler, 1 ResponseBodyAdvice
2025-12-10T18:17:09.257+05:00  INFO 49151 --- [User-service] [main] [                                                 ] eAuthenticationProviderManagerConfigurer : Global AuthenticationManager configured with AuthenticationProvider bean with name authenticationProvider
2025-12-10T18:17:09.257+05:00  WARN 49151 --- [User-service] [main] [                                                 ] r$InitializeUserDetailsManagerConfigurer : Global AuthenticationManager configured with an AuthenticationProvider bean. UserDetailsService beans will not be used by Spring Security for automatically configuring username/password login. Consider removing the AuthenticationProvider bean. Alternatively, consider using the UserDetailsService in a manually instantiated DaoAuthenticationProvider. If the current configuration is intentional, to turn off this warning, increase the logging level of 'org.springframework.security.config.annotation.authentication.configuration.InitializeUserDetailsBeanManagerConfigurer' to ERROR
2025-12-10T18:17:09.424+05:00 DEBUG 49151 --- [User-service] [main] [                                                 ] s.w.s.m.m.a.RequestMappingHandlerMapping : 19 mappings in 'requestMappingHandlerMapping'
2025-12-10T18:17:09.435+05:00 DEBUG 49151 --- [User-service] [main] [                                                 ] o.s.w.s.handler.SimpleUrlHandlerMapping  : Patterns [/webjars/**, /**, /swagger-ui*/*swagger-initializer.js, /swagger-ui*/**] in 'resourceHandlerMapping'
2025-12-10T18:17:09.475+05:00  INFO 49151 --- [User-service] [main] [                                                 ] o.s.b.a.e.web.EndpointLinksResolver      : Exposing 2 endpoints beneath base path '/actuator'
2025-12-10T18:17:09.521+05:00 DEBUG 49151 --- [User-service] [main] [                                                 ] o.s.s.web.DefaultSecurityFilterChain     : Will secure any request with filters: DisableEncodeUrlFilter, WebAsyncManagerIntegrationFilter, SecurityContextHolderFilter, HeaderWriterFilter, LogoutFilter, JwtAuthenticationFilter, RequestCacheAwareFilter, SecurityContextHolderAwareRequestFilter, AnonymousAuthenticationFilter, SessionManagementFilter, ExceptionTranslationFilter, AuthorizationFilter
2025-12-10T18:17:09.572+05:00 DEBUG 49151 --- [User-service] [main] [                                                 ] s.w.s.m.m.a.RequestMappingHandlerAdapter : ControllerAdvice beans: 0 @ModelAttribute, 0 @InitBinder, 1 RequestBodyAdvice, 1 ResponseBodyAdvice
2025-12-10T18:17:09.727+05:00  INFO 49151 --- [User-service] [main] [                                                 ] t.w.u.UserServiceApplicationTests        : Started UserServiceApplicationTests in 1.997 seconds (process running for 2.581)
2025-12-10T18:17:10.116+05:00 DEBUG 49151 --- [User-service] [main] [                                                 ] t.w.userservice.service.UserService      : Getting all users
2025-12-10T18:17:10.124+05:00 DEBUG 49151 --- [User-service] [main] [                                                 ] t.w.userservice.service.UserService      : Deleting user by email: nonexistent@example.com
2025-12-10T18:17:10.127+05:00 DEBUG 49151 --- [User-service] [main] [                                                 ] t.w.userservice.service.UserService      : Finding user by phone: +79123456789
2025-12-10T18:17:10.129+05:00 DEBUG 49151 --- [User-service] [main] [                                                 ] t.w.userservice.service.UserService      : Deleting user by ID: 5f33b530-2d96-4025-b7cf-fa50da5f8fe0
2025-12-10T18:17:10.130+05:00  INFO 49151 --- [User-service] [main] [                                                 ] t.w.userservice.service.UserService      : User deleted successfully with ID: 5f33b530-2d96-4025-b7cf-fa50da5f8fe0
2025-12-10T18:17:10.132+05:00 DEBUG 49151 --- [User-service] [main] [                                                 ] t.w.userservice.service.UserService      : Creating new user: test@example.com
2025-12-10T18:17:10.132+05:00  INFO 49151 --- [User-service] [main] [                                                 ] t.w.userservice.service.UserService      : User created with ID: f77250c1-e1be-4e6f-a4d3-84c8673b0bd5
2025-12-10T18:17:10.134+05:00 DEBUG 49151 --- [User-service] [main] [                                                 ] t.w.userservice.service.UserService      : Deleting user by phone: +79999999999
2025-12-10T18:17:10.135+05:00 DEBUG 49151 --- [User-service] [main] [                                                 ] t.w.userservice.service.UserService      : Finding user by email: test@example.com
2025-12-10T18:17:10.137+05:00 DEBUG 49151 --- [User-service] [main] [                                                 ] t.w.userservice.service.UserService      : Checking if email exists: nonexistent@example.com
2025-12-10T18:17:10.139+05:00 DEBUG 49151 --- [User-service] [main] [                                                 ] t.w.userservice.service.UserService      : Deleting user by ID: 9d48b423-a989-460d-86d0-e30265540745
2025-12-10T18:17:10.141+05:00 DEBUG 49151 --- [User-service] [main] [                                                 ] t.w.userservice.service.UserService      : Deleting user by phone: +79123456789
2025-12-10T18:17:10.141+05:00  INFO 49151 --- [User-service] [main] [                                                 ] t.w.userservice.service.UserService      : User deleted successfully with phone: +79123456789
2025-12-10T18:17:10.143+05:00 DEBUG 49151 --- [User-service] [main] [                                                 ] t.w.userservice.service.UserService      : Getting all users
2025-12-10T18:17:10.144+05:00 DEBUG 49151 --- [User-service] [main] [                                                 ] t.w.userservice.service.UserService      : Checking if email exists: test@example.com
2025-12-10T18:17:10.145+05:00 DEBUG 49151 --- [User-service] [main] [                                                 ] t.w.userservice.service.UserService      : Finding user by email: nonexistent@example.com
2025-12-10T18:17:10.147+05:00 DEBUG 49151 --- [User-service] [main] [                                                 ] t.w.userservice.service.UserService      : Finding user by ID: dadb1258-f317-48d6-9a27-460c656d35cc
2025-12-10T18:17:10.148+05:00 DEBUG 49151 --- [User-service] [main] [                                                 ] t.w.userservice.service.UserService      : Finding user by ID: 12247197-16dd-4528-bbee-d71915fbe16a
2025-12-10T18:17:10.149+05:00 DEBUG 49151 --- [User-service] [main] [                                                 ] t.w.userservice.service.UserService      : Finding user by phone: +79999999999
2025-12-10T18:17:10.150+05:00 DEBUG 49151 --- [User-service] [main] [                                                 ] t.w.userservice.service.UserService      : Deleting user by email: test@example.com
2025-12-10T18:17:10.151+05:00  INFO 49151 --- [User-service] [main] [                                                 ] t.w.userservice.service.UserService      : User deleted successfully with email: test@example.com
2025-12-10T18:17:10.193+05:00  INFO 49151 --- [User-service] [main] [                                                 ] t.w.u.service.AuthenticationService      : Authentication attempt for user: test@example.com
2025-12-10T18:17:10.194+05:00  WARN 49151 --- [User-service] [main] [                                                 ] t.w.u.service.AuthenticationService      : Authentication failed - user not found: test@example.com
2025-12-10T18:17:10.196+05:00 DEBUG 49151 --- [User-service] [main] [                                                 ] t.w.u.service.AuthenticationService      : Getting current user: nonexistent@example.com
2025-12-10T18:17:10.196+05:00  WARN 49151 --- [User-service] [main] [                                                 ] t.w.u.service.AuthenticationService      : User not found: nonexistent@example.com
2025-12-10T18:17:10.198+05:00  INFO 49151 --- [User-service] [main] [                                                 ] t.w.u.service.AuthenticationService      : Password reset attempt for: test@example.com
2025-12-10T18:17:10.198+05:00  INFO 49151 --- [User-service] [main] [                                                 ] t.w.u.service.AuthenticationService      : Password successfully reset for: test@example.com
2025-12-10T18:17:10.200+05:00  INFO 49151 --- [User-service] [main] [                                                 ] t.w.u.service.AuthenticationService      : Update user attempt for: test@example.com
2025-12-10T18:17:10.201+05:00  INFO 49151 --- [User-service] [main] [                                                 ] t.w.u.service.AuthenticationService      : Logout request for user: nonexistent@example.com
2025-12-10T18:17:10.201+05:00  WARN 49151 --- [User-service] [main] [                                                 ] t.w.u.service.AuthenticationService      : Logout failed - user not found: nonexistent@example.com
2025-12-10T18:17:10.202+05:00  INFO 49151 --- [User-service] [main] [                                                 ] t.w.u.service.AuthenticationService      : Password reset attempt for: nonexistent@example.com
2025-12-10T18:17:10.202+05:00  WARN 49151 --- [User-service] [main] [                                                 ] t.w.u.service.AuthenticationService      : Password reset failed - user not found: nonexistent@example.com
2025-12-10T18:17:10.203+05:00 DEBUG 49151 --- [User-service] [main] [                                                 ] t.w.u.service.AuthenticationService      : Getting current user: test@example.com
2025-12-10T18:17:10.204+05:00  INFO 49151 --- [User-service] [main] [                                                 ] t.w.u.service.AuthenticationService      : Refresh token attempt
2025-12-10T18:17:10.205+05:00 DEBUG 49151 --- [User-service] [main] [                                                 ] t.w.u.service.AuthenticationService      : Extracted user ID from refresh token: e73276f7-6c2f-4270-9439-61574ac24173
2025-12-10T18:17:10.205+05:00  INFO 49151 --- [User-service] [main] [                                                 ] t.w.u.service.AuthenticationService      : Refresh token successful for user: test@example.com
2025-12-10T18:17:10.207+05:00  INFO 49151 --- [User-service] [main] [                                                 ] t.w.u.service.AuthenticationService      : Update user attempt for: test@example.com
2025-12-10T18:17:10.207+05:00 DEBUG 49151 --- [User-service] [main] [                                                 ] t.w.u.service.AuthenticationService      : Password not provided, keeping existing one for user: test@example.com
2025-12-10T18:17:10.207+05:00  INFO 49151 --- [User-service] [main] [                                                 ] t.w.u.service.AuthenticationService      : User updated successfully: test@example.com
2025-12-10T18:17:10.208+05:00  INFO 49151 --- [User-service] [main] [                                                 ] t.w.u.service.AuthenticationService      : Logout request for user: test@example.com
2025-12-10T18:17:10.209+05:00  INFO 49151 --- [User-service] [main] [                                                 ] t.w.u.service.AuthenticationService      : Successful logout for user: test@example.com
2025-12-10T18:17:10.210+05:00  INFO 49151 --- [User-service] [main] [                                                 ] t.w.u.service.AuthenticationService      : Attempting to sign up user with email: newuser@example.com and phone: +79001234567
2025-12-10T18:17:10.210+05:00  WARN 49151 --- [User-service] [main] [                                                 ] t.w.u.service.AuthenticationService      : Signup failed - email already exists: newuser@example.com
2025-12-10T18:17:10.211+05:00  INFO 49151 --- [User-service] [main] [                                                 ] t.w.u.service.AuthenticationService      : Refresh token attempt
2025-12-10T18:17:10.211+05:00  WARN 49151 --- [User-service] [main] [                                                 ] t.w.u.service.AuthenticationService      : Refresh token attempt failed - token is null
2025-12-10T18:17:10.212+05:00  INFO 49151 --- [User-service] [main] [                                                 ] t.w.u.service.AuthenticationService      : Refresh token attempt
2025-12-10T18:17:10.212+05:00 DEBUG 49151 --- [User-service] [main] [                                                 ] t.w.u.service.AuthenticationService      : Extracted user ID from refresh token: bf3618ab-17ad-4ea6-9980-a500ba0845ad
2025-12-10T18:17:10.212+05:00  WARN 49151 --- [User-service] [main] [                                                 ] t.w.u.service.AuthenticationService      : Refresh token attempt failed - user not found by ID: bf3618ab-17ad-4ea6-9980-a500ba0845ad
2025-12-10T18:17:10.213+05:00  INFO 49151 --- [User-service] [main] [                                                 ] t.w.u.service.AuthenticationService      : Update user attempt for: test@example.com
2025-12-10T18:17:10.214+05:00  INFO 49151 --- [User-service] [main] [                                                 ] t.w.u.service.AuthenticationService      : Authentication attempt for user: test@example.com
2025-12-10T18:17:10.214+05:00 DEBUG 49151 --- [User-service] [main] [                                                 ] t.w.u.service.AuthenticationService      : Spring Security authentication successful for: test@example.com
2025-12-10T18:17:10.214+05:00  INFO 49151 --- [User-service] [main] [                                                 ] t.w.u.service.AuthenticationService      : Successful authentication for user: test@example.com
2025-12-10T18:17:10.216+05:00  INFO 49151 --- [User-service] [main] [                                                 ] t.w.u.service.AuthenticationService      : Authentication attempt for user: test@example.com
2025-12-10T18:17:10.216+05:00 ERROR 49151 --- [User-service] [main] [                                                 ] t.w.u.service.AuthenticationService      : Spring Security authentication failed for: test@example.com

org.springframework.security.authentication.BadCredentialsException: Bad credentials
	at test.weewee.userservice.service.AuthenticationService.authenticate(AuthenticationService.java:71) ~[classes/:na]
	at test.weewee.userservice.service.AuthenticationServiceTest.lambda$authenticate_InvalidPassword_ShouldThrowAuthException$0(AuthenticationServiceTest.java:195) ~[test-classes/:na]
	at org.junit.jupiter.api.AssertThrows.assertThrows(AssertThrows.java:53) ~[junit-jupiter-api-5.12.2.jar:5.12.2]
	at org.junit.jupiter.api.AssertThrows.assertThrows(AssertThrows.java:35) ~[junit-jupiter-api-5.12.2.jar:5.12.2]
	at org.junit.jupiter.api.Assertions.assertThrows(Assertions.java:3128) ~[junit-jupiter-api-5.12.2.jar:5.12.2]
	at test.weewee.userservice.service.AuthenticationServiceTest.authenticate_InvalidPassword_ShouldThrowAuthException(AuthenticationServiceTest.java:194) ~[test-classes/:na]
	at java.base/jdk.internal.reflect.DirectMethodHandleAccessor.invoke(DirectMethodHandleAccessor.java:104) ~[na:na]
	at java.base/java.lang.reflect.Method.invoke(Method.java:565) ~[na:na]
	at org.junit.platform.commons.util.ReflectionUtils.invokeMethod(ReflectionUtils.java:775) ~[junit-platform-commons-1.12.2.jar:1.12.2]
	at org.junit.platform.commons.support.ReflectionSupport.invokeMethod(ReflectionSupport.java:479) ~[junit-platform-commons-1.12.2.jar:1.12.2]
	at org.junit.jupiter.engine.execution.MethodInvocation.proceed(MethodInvocation.java:60) ~[junit-jupiter-engine-5.12.2.jar:5.12.2]
	at org.junit.jupiter.engine.execution.InvocationInterceptorChain$ValidatingInvocation.proceed(InvocationInterceptorChain.java:131) ~[junit-jupiter-engine-5.12.2.jar:5.12.2]
	at org.junit.jupiter.engine.extension.TimeoutExtension.intercept(TimeoutExtension.java:161) ~[junit-jupiter-engine-5.12.2.jar:5.12.2]
	at org.junit.jupiter.engine.extension.TimeoutExtension.interceptTestableMethod(TimeoutExtension.java:152) ~[junit-jupiter-engine-5.12.2.jar:5.12.2]
	at org.junit.jupiter.engine.extension.TimeoutExtension.interceptTestMethod(TimeoutExtension.java:91) ~[junit-jupiter-engine-5.12.2.jar:5.12.2]
	at org.junit.jupiter.engine.execution.InterceptingExecutableInvoker$ReflectiveInterceptorCall.lambda$ofVoidMethod$0(InterceptingExecutableInvoker.java:112) ~[junit-jupiter-engine-5.12.2.jar:5.12.2]
	at org.junit.jupiter.engine.execution.InterceptingExecutableInvoker.lambda$invoke$0(InterceptingExecutableInvoker.java:94) ~[junit-jupiter-engine-5.12.2.jar:5.12.2]
	at org.junit.jupiter.engine.execution.InvocationInterceptorChain$InterceptedInvocation.proceed(InvocationInterceptorChain.java:106) ~[junit-jupiter-engine-5.12.2.jar:5.12.2]
	at org.junit.jupiter.engine.execution.InvocationInterceptorChain.proceed(InvocationInterceptorChain.java:64) ~[junit-jupiter-engine-5.12.2.jar:5.12.2]
	at org.junit.jupiter.engine.execution.InvocationInterceptorChain.chainAndInvoke(InvocationInterceptorChain.java:45) ~[junit-jupiter-engine-5.12.2.jar:5.12.2]
	at org.junit.jupiter.engine.execution.InvocationInterceptorChain.invoke(InvocationInterceptorChain.java:37) ~[junit-jupiter-engine-5.12.2.jar:5.12.2]
	at org.junit.jupiter.engine.execution.InterceptingExecutableInvoker.invoke(InterceptingExecutableInvoker.java:93) ~[junit-jupiter-engine-5.12.2.jar:5.12.2]
	at org.junit.jupiter.engine.execution.InterceptingExecutableInvoker.invoke(InterceptingExecutableInvoker.java:87) ~[junit-jupiter-engine-5.12.2.jar:5.12.2]
	at org.junit.jupiter.engine.descriptor.TestMethodTestDescriptor.lambda$invokeTestMethod$7(TestMethodTestDescriptor.java:216) ~[junit-jupiter-engine-5.12.2.jar:5.12.2]
	at org.junit.platform.engine.support.hierarchical.ThrowableCollector.execute(ThrowableCollector.java:73) ~[junit-platform-engine-1.12.2.jar:1.12.2]
	at org.junit.jupiter.engine.descriptor.TestMethodTestDescriptor.invokeTestMethod(TestMethodTestDescriptor.java:212) ~[junit-jupiter-engine-5.12.2.jar:5.12.2]
	at org.junit.jupiter.engine.descriptor.TestMethodTestDescriptor.execute(TestMethodTestDescriptor.java:137) ~[junit-jupiter-engine-5.12.2.jar:5.12.2]
	at org.junit.jupiter.engine.descriptor.TestMethodTestDescriptor.execute(TestMethodTestDescriptor.java:69) ~[junit-jupiter-engine-5.12.2.jar:5.12.2]
	at org.junit.platform.engine.support.hierarchical.NodeTestTask.lambda$executeRecursively$6(NodeTestTask.java:156) ~[junit-platform-engine-1.12.2.jar:1.12.2]
	at org.junit.platform.engine.support.hierarchical.ThrowableCollector.execute(ThrowableCollector.java:73) ~[junit-platform-engine-1.12.2.jar:1.12.2]
	at org.junit.platform.engine.support.hierarchical.NodeTestTask.lambda$executeRecursively$8(NodeTestTask.java:146) ~[junit-platform-engine-1.12.2.jar:1.12.2]
	at org.junit.platform.engine.support.hierarchical.Node.around(Node.java:137) ~[junit-platform-engine-1.12.2.jar:1.12.2]
	at org.junit.platform.engine.support.hierarchical.NodeTestTask.lambda$executeRecursively$9(NodeTestTask.java:144) ~[junit-platform-engine-1.12.2.jar:1.12.2]
	at org.junit.platform.engine.support.hierarchical.ThrowableCollector.execute(ThrowableCollector.java:73) ~[junit-platform-engine-1.12.2.jar:1.12.2]
	at org.junit.platform.engine.support.hierarchical.NodeTestTask.executeRecursively(NodeTestTask.java:143) ~[junit-platform-engine-1.12.2.jar:1.12.2]
	at org.junit.platform.engine.support.hierarchical.NodeTestTask.execute(NodeTestTask.java:100) ~[junit-platform-engine-1.12.2.jar:1.12.2]
	at java.base/java.util.ArrayList.forEach(ArrayList.java:1604) ~[na:na]
	at org.junit.platform.engine.support.hierarchical.SameThreadHierarchicalTestExecutorService.invokeAll(SameThreadHierarchicalTestExecutorService.java:41) ~[junit-platform-engine-1.12.2.jar:1.12.2]
	at org.junit.platform.engine.support.hierarchical.NodeTestTask.lambda$executeRecursively$6(NodeTestTask.java:160) ~[junit-platform-engine-1.12.2.jar:1.12.2]
	at org.junit.platform.engine.support.hierarchical.ThrowableCollector.execute(ThrowableCollector.java:73) ~[junit-platform-engine-1.12.2.jar:1.12.2]
	at org.junit.platform.engine.support.hierarchical.NodeTestTask.lambda$executeRecursively$8(NodeTestTask.java:146) ~[junit-platform-engine-1.12.2.jar:1.12.2]
	at org.junit.platform.engine.support.hierarchical.Node.around(Node.java:137) ~[junit-platform-engine-1.12.2.jar:1.12.2]
	at org.junit.platform.engine.support.hierarchical.NodeTestTask.lambda$executeRecursively$9(NodeTestTask.java:144) ~[junit-platform-engine-1.12.2.jar:1.12.2]
	at org.junit.platform.engine.support.hierarchical.ThrowableCollector.execute(ThrowableCollector.java:73) ~[junit-platform-engine-1.12.2.jar:1.12.2]
	at org.junit.platform.engine.support.hierarchical.NodeTestTask.executeRecursively(NodeTestTask.java:143) ~[junit-platform-engine-1.12.2.jar:1.12.2]
	at org.junit.platform.engine.support.hierarchical.NodeTestTask.execute(NodeTestTask.java:100) ~[junit-platform-engine-1.12.2.jar:1.12.2]
	at java.base/java.util.ArrayList.forEach(ArrayList.java:1604) ~[na:na]
	at org.junit.platform.engine.support.hierarchical.SameThreadHierarchicalTestExecutorService.invokeAll(SameThreadHierarchicalTestExecutorService.java:41) ~[junit-platform-engine-1.12.2.jar:1.12.2]
	at org.junit.platform.engine.support.hierarchical.NodeTestTask.lambda$executeRecursively$6(NodeTestTask.java:160) ~[junit-platform-engine-1.12.2.jar:1.12.2]
	at org.junit.platform.engine.support.hierarchical.ThrowableCollector.execute(ThrowableCollector.java:73) ~[junit-platform-engine-1.12.2.jar:1.12.2]
	at org.junit.platform.engine.support.hierarchical.NodeTestTask.lambda$executeRecursively$8(NodeTestTask.java:146) ~[junit-platform-engine-1.12.2.jar:1.12.2]
	at org.junit.platform.engine.support.hierarchical.Node.around(Node.java:137) ~[junit-platform-engine-1.12.2.jar:1.12.2]
	at org.junit.platform.engine.support.hierarchical.NodeTestTask.lambda$executeRecursively$9(NodeTestTask.java:144) ~[junit-platform-engine-1.12.2.jar:1.12.2]
	at org.junit.platform.engine.support.hierarchical.ThrowableCollector.execute(ThrowableCollector.java:73) ~[junit-platform-engine-1.12.2.jar:1.12.2]
	at org.junit.platform.engine.support.hierarchical.NodeTestTask.executeRecursively(NodeTestTask.java:143) ~[junit-platform-engine-1.12.2.jar:1.12.2]
	at org.junit.platform.engine.support.hierarchical.NodeTestTask.execute(NodeTestTask.java:100) ~[junit-platform-engine-1.12.2.jar:1.12.2]
	at org.junit.platform.engine.support.hierarchical.SameThreadHierarchicalTestExecutorService.submit(SameThreadHierarchicalTestExecutorService.java:35) ~[junit-platform-engine-1.12.2.jar:1.12.2]
	at org.junit.platform.engine.support.hierarchical.HierarchicalTestExecutor.execute(HierarchicalTestExecutor.java:57) ~[junit-platform-engine-1.12.2.jar:1.12.2]
	at org.junit.platform.engine.support.hierarchical.HierarchicalTestEngine.execute(HierarchicalTestEngine.java:54) ~[junit-platform-engine-1.12.2.jar:1.12.2]
	at org.junit.platform.launcher.core.EngineExecutionOrchestrator.execute(EngineExecutionOrchestrator.java:201) ~[junit-platform-launcher-1.12.2.jar:1.12.2]
	at org.junit.platform.launcher.core.EngineExecutionOrchestrator.execute(EngineExecutionOrchestrator.java:170) ~[junit-platform-launcher-1.12.2.jar:1.12.2]
	at org.junit.platform.launcher.core.EngineExecutionOrchestrator.execute(EngineExecutionOrchestrator.java:94) ~[junit-platform-launcher-1.12.2.jar:1.12.2]
	at org.junit.platform.launcher.core.EngineExecutionOrchestrator.lambda$execute$0(EngineExecutionOrchestrator.java:59) ~[junit-platform-launcher-1.12.2.jar:1.12.2]
	at org.junit.platform.launcher.core.EngineExecutionOrchestrator.withInterceptedStreams(EngineExecutionOrchestrator.java:142) ~[junit-platform-launcher-1.12.2.jar:1.12.2]
	at org.junit.platform.launcher.core.EngineExecutionOrchestrator.execute(EngineExecutionOrchestrator.java:58) ~[junit-platform-launcher-1.12.2.jar:1.12.2]
	at org.junit.platform.launcher.core.DefaultLauncher.execute(DefaultLauncher.java:103) ~[junit-platform-launcher-1.12.2.jar:1.12.2]
	at org.junit.platform.launcher.core.DefaultLauncher.execute(DefaultLauncher.java:85) ~[junit-platform-launcher-1.12.2.jar:1.12.2]
	at org.junit.platform.launcher.core.DelegatingLauncher.execute(DelegatingLauncher.java:47) ~[junit-platform-launcher-1.12.2.jar:1.12.2]
	at org.junit.platform.launcher.core.InterceptingLauncher.lambda$execute$1(InterceptingLauncher.java:39) ~[junit-platform-launcher-1.12.2.jar:1.12.2]
	at org.junit.platform.launcher.core.ClasspathAlignmentCheckingLauncherInterceptor.intercept(ClasspathAlignmentCheckingLauncherInterceptor.java:25) ~[junit-platform-launcher-1.12.2.jar:1.12.2]
	at org.junit.platform.launcher.core.InterceptingLauncher.execute(InterceptingLauncher.java:38) ~[junit-platform-launcher-1.12.2.jar:1.12.2]
	at org.junit.platform.launcher.core.DelegatingLauncher.execute(DelegatingLauncher.java:47) ~[junit-platform-launcher-1.12.2.jar:1.12.2]
	at org.apache.maven.surefire.junitplatform.LauncherAdapter.executeWithoutCancellationToken(LauncherAdapter.java:60) ~[surefire-junit-platform-3.5.4.jar:3.5.4]
	at org.apache.maven.surefire.junitplatform.LauncherAdapter.execute(LauncherAdapter.java:52) ~[surefire-junit-platform-3.5.4.jar:3.5.4]
	at org.apache.maven.surefire.junitplatform.JUnitPlatformProvider.execute(JUnitPlatformProvider.java:203) ~[surefire-junit-platform-3.5.4.jar:3.5.4]
	at org.apache.maven.surefire.junitplatform.JUnitPlatformProvider.invokeAllTests(JUnitPlatformProvider.java:168) ~[surefire-junit-platform-3.5.4.jar:3.5.4]
	at org.apache.maven.surefire.junitplatform.JUnitPlatformProvider.invoke(JUnitPlatformProvider.java:136) ~[surefire-junit-platform-3.5.4.jar:3.5.4]
	at org.apache.maven.surefire.booter.ForkedBooter.runSuitesInProcess(ForkedBooter.java:385) ~[surefire-booter-3.5.4.jar:3.5.4]
	at org.apache.maven.surefire.booter.ForkedBooter.execute(ForkedBooter.java:162) ~[surefire-booter-3.5.4.jar:3.5.4]
	at org.apache.maven.surefire.booter.ForkedBooter.run(ForkedBooter.java:507) ~[surefire-booter-3.5.4.jar:3.5.4]
	at org.apache.maven.surefire.booter.ForkedBooter.main(ForkedBooter.java:495) ~[surefire-booter-3.5.4.jar:3.5.4]

2025-12-10T18:17:10.219+05:00  INFO 49151 --- [User-service] [main] [                                                 ] t.w.u.service.AuthenticationService      : Update user attempt for: test@example.com
2025-12-10T18:17:10.219+05:00 DEBUG 49151 --- [User-service] [main] [                                                 ] t.w.u.service.AuthenticationService      : Updating password for user: test@example.com
2025-12-10T18:17:10.219+05:00  INFO 49151 --- [User-service] [main] [                                                 ] t.w.u.service.AuthenticationService      : User email changed: test@example.com -> newemail@example.com
2025-12-10T18:17:10.219+05:00  INFO 49151 --- [User-service] [main] [                                                 ] t.w.u.service.AuthenticationService      : User updated successfully: newemail@example.com
2025-12-10T18:17:10.220+05:00  INFO 49151 --- [User-service] [main] [                                                 ] t.w.u.service.AuthenticationService      : Refresh token attempt
2025-12-10T18:17:10.220+05:00  WARN 49151 --- [User-service] [main] [                                                 ] t.w.u.service.AuthenticationService      : Refresh token validation failed
2025-12-10T18:17:10.221+05:00  INFO 49151 --- [User-service] [main] [                                                 ] t.w.u.service.AuthenticationService      : Attempting to sign up user with email: newuser@example.com and phone: +79001234567
2025-12-10T18:17:10.221+05:00  WARN 49151 --- [User-service] [main] [                                                 ] t.w.u.service.AuthenticationService      : Signup failed - phone already exists: +79001234567
2025-12-10T18:17:10.223+05:00  INFO 49151 --- [User-service] [main] [                                                 ] t.w.u.service.AuthenticationService      : Attempting to sign up user with email: newuser@example.com and phone: +79001234567
2025-12-10T18:17:10.223+05:00  INFO 49151 --- [User-service] [main] [                                                 ] t.w.u.service.AuthenticationService      : User successfully registered with ID: 9e0bce8c-0248-4d84-a44d-7b8feb821c83
2025-12-10T18:17:10.298+05:00 DEBUG 49151 --- [User-service] [SpringApplicationShutdownHook] [                                                 ] o.s.w.c.s.GenericWebApplicationContext   : Closing org.springframework.web.context.support.GenericWebApplicationContext@7c891ba7, started on Wed Dec 10 18:17:07 GMT+05:00 2025
2025-12-10T18:17:10.305+05:00  INFO 49151 --- [User-service] [SpringApplicationShutdownHook] [                                                 ] j.LocalContainerEntityManagerFactoryBean : Closing JPA EntityManagerFactory for persistence unit 'default'
2025-12-10T18:17:10.306+05:00  INFO 49151 --- [User-service] [SpringApplicationShutdownHook] [                                                 ] com.zaxxer.hikari.HikariDataSource       : HikariPool-1 - Shutdown initiated...
2025-12-10T18:17:10.308+05:00  INFO 49151 --- [User-service] [SpringApplicationShutdownHook] [                                                 ] com.zaxxer.hikari.HikariDataSource       : HikariPool-1 - Shutdown completed.
2025-12-10T18:19:39.565+05:00  INFO 49658 --- [User-service] [main] [                                                 ] t.w.u.UserServiceApplicationTests        : Starting UserServiceApplicationTests using Java 25.0.1 with PID 49658 (started by germancerkasov in /Users/germancerkasov/Downloads/user-service-main/user-service)
2025-12-10T18:19:39.566+05:00 DEBUG 49658 --- [User-service] [main] [                                                 ] t.w.u.UserServiceApplicationTests        : Running with Spring Boot v3.5.7, Spring v6.2.12
2025-12-10T18:19:39.566+05:00  INFO 49658 --- [User-service] [main] [                                                 ] t.w.u.UserServiceApplicationTests        : No active profile set, falling back to 1 default profile: "default"
2025-12-10T18:19:39.575+05:00 DEBUG 49658 --- [User-service] [main] [                                                 ] o.s.w.c.s.GenericWebApplicationContext   : Refreshing org.springframework.web.context.support.GenericWebApplicationContext@7c891ba7
2025-12-10T18:19:39.989+05:00  INFO 49658 --- [User-service] [main] [                                                 ] .s.d.r.c.RepositoryConfigurationDelegate : Bootstrapping Spring Data JPA repositories in DEFAULT mode.
2025-12-10T18:19:40.008+05:00  INFO 49658 --- [User-service] [main] [                                                 ] .s.d.r.c.RepositoryConfigurationDelegate : Finished Spring Data repository scanning in 15 ms. Found 1 JPA repository interface.
2025-12-10T18:19:40.253+05:00  INFO 49658 --- [User-service] [main] [                                                 ] o.hibernate.jpa.internal.util.LogHelper  : HHH000204: Processing PersistenceUnitInfo [name: default]
2025-12-10T18:19:40.285+05:00  INFO 49658 --- [User-service] [main] [                                                 ] org.hibernate.Version                    : HHH000412: Hibernate ORM core version 6.6.33.Final
2025-12-10T18:19:40.300+05:00  INFO 49658 --- [User-service] [main] [                                                 ] o.h.c.internal.RegionFactoryInitiator    : HHH000026: Second-level cache disabled
2025-12-10T18:19:40.401+05:00  INFO 49658 --- [User-service] [main] [                                                 ] o.s.o.j.p.SpringPersistenceUnitInfo      : No LoadTimeWeaver setup: ignoring JPA class transformer
2025-12-10T18:19:40.412+05:00  INFO 49658 --- [User-service] [main] [                                                 ] com.zaxxer.hikari.HikariDataSource       : HikariPool-1 - Starting...
2025-12-10T18:19:40.506+05:00  INFO 49658 --- [User-service] [main] [                                                 ] com.zaxxer.hikari.pool.HikariPool        : HikariPool-1 - Added connection org.postgresql.jdbc.PgConnection@4bab804f
2025-12-10T18:19:40.507+05:00  INFO 49658 --- [User-service] [main] [                                                 ] com.zaxxer.hikari.HikariDataSource       : HikariPool-1 - Start completed.
2025-12-10T18:19:40.524+05:00  WARN 49658 --- [User-service] [main] [                                                 ] org.hibernate.orm.deprecation            : HHH90000025: PostgreSQLDialect does not need to be specified explicitly using 'hibernate.dialect' (remove the property setting and it will be selected by default)
2025-12-10T18:19:40.532+05:00  INFO 49658 --- [User-service] [main] [                                                 ] org.hibernate.orm.connections.pooling    : HHH10001005: Database info:
	Database JDBC URL [Connecting through datasource 'HikariDataSource (HikariPool-1)']
	Database driver: undefined/unknown
	Database version: 15.14
	Autocommit mode: undefined/unknown
	Isolation level: undefined/unknown
	Minimum pool size: undefined/unknown
	Maximum pool size: undefined/unknown
2025-12-10T18:19:40.847+05:00  INFO 49658 --- [User-service] [main] [                                                 ] o.h.e.t.j.p.i.JtaPlatformInitiator       : HHH000489: No JTA platform available (set 'hibernate.transaction.jta.platform' to enable JTA platform integration)
2025-12-10T18:19:40.880+05:00  INFO 49658 --- [User-service] [main] [                                                 ] j.LocalContainerEntityManagerFactoryBean : Initialized JPA EntityManagerFactory for persistence unit 'default'
2025-12-10T18:19:41.018+05:00  WARN 49658 --- [User-service] [main] [                                                 ] JpaBaseConfiguration$JpaWebConfiguration : spring.jpa.open-in-view is enabled by default. Therefore, database queries may be performed during view rendering. Explicitly configure spring.jpa.open-in-view to disable this warning
2025-12-10T18:19:41.074+05:00 DEBUG 49658 --- [User-service] [main] [                                                 ] .m.m.a.ExceptionHandlerExceptionResolver : ControllerAdvice beans: 2 @ExceptionHandler, 1 ResponseBodyAdvice
2025-12-10T18:19:41.103+05:00  INFO 49658 --- [User-service] [main] [                                                 ] eAuthenticationProviderManagerConfigurer : Global AuthenticationManager configured with AuthenticationProvider bean with name authenticationProvider
2025-12-10T18:19:41.103+05:00  WARN 49658 --- [User-service] [main] [                                                 ] r$InitializeUserDetailsManagerConfigurer : Global AuthenticationManager configured with an AuthenticationProvider bean. UserDetailsService beans will not be used by Spring Security for automatically configuring username/password login. Consider removing the AuthenticationProvider bean. Alternatively, consider using the UserDetailsService in a manually instantiated DaoAuthenticationProvider. If the current configuration is intentional, to turn off this warning, increase the logging level of 'org.springframework.security.config.annotation.authentication.configuration.InitializeUserDetailsBeanManagerConfigurer' to ERROR
2025-12-10T18:19:41.295+05:00 DEBUG 49658 --- [User-service] [main] [                                                 ] s.w.s.m.m.a.RequestMappingHandlerMapping : 19 mappings in 'requestMappingHandlerMapping'
2025-12-10T18:19:41.313+05:00 DEBUG 49658 --- [User-service] [main] [                                                 ] o.s.w.s.handler.SimpleUrlHandlerMapping  : Patterns [/webjars/**, /**, /swagger-ui*/*swagger-initializer.js, /swagger-ui*/**] in 'resourceHandlerMapping'
2025-12-10T18:19:41.358+05:00  INFO 49658 --- [User-service] [main] [                                                 ] o.s.b.a.e.web.EndpointLinksResolver      : Exposing 2 endpoints beneath base path '/actuator'
2025-12-10T18:19:41.425+05:00 DEBUG 49658 --- [User-service] [main] [                                                 ] o.s.s.web.DefaultSecurityFilterChain     : Will secure any request with filters: DisableEncodeUrlFilter, WebAsyncManagerIntegrationFilter, SecurityContextHolderFilter, HeaderWriterFilter, LogoutFilter, JwtAuthenticationFilter, RequestCacheAwareFilter, SecurityContextHolderAwareRequestFilter, AnonymousAuthenticationFilter, SessionManagementFilter, ExceptionTranslationFilter, AuthorizationFilter
2025-12-10T18:19:41.486+05:00 DEBUG 49658 --- [User-service] [main] [                                                 ] s.w.s.m.m.a.RequestMappingHandlerAdapter : ControllerAdvice beans: 0 @ModelAttribute, 0 @InitBinder, 1 RequestBodyAdvice, 1 ResponseBodyAdvice
2025-12-10T18:19:41.635+05:00  INFO 49658 --- [User-service] [main] [                                                 ] t.w.u.UserServiceApplicationTests        : Started UserServiceApplicationTests in 2.177 seconds (process running for 2.711)
2025-12-10T18:19:42.041+05:00 DEBUG 49658 --- [User-service] [main] [                                                 ] t.w.userservice.service.UserService      : Getting all users
2025-12-10T18:19:42.051+05:00 DEBUG 49658 --- [User-service] [main] [                                                 ] t.w.userservice.service.UserService      : Deleting user by email: nonexistent@example.com
2025-12-10T18:19:42.058+05:00 DEBUG 49658 --- [User-service] [main] [                                                 ] t.w.userservice.service.UserService      : Finding user by phone: +79123456789
2025-12-10T18:19:42.064+05:00 DEBUG 49658 --- [User-service] [main] [                                                 ] t.w.userservice.service.UserService      : Deleting user by ID: 8b968dee-2a49-44d6-a643-bd89e41e85c0
2025-12-10T18:19:42.065+05:00  INFO 49658 --- [User-service] [main] [                                                 ] t.w.userservice.service.UserService      : User deleted successfully with ID: 8b968dee-2a49-44d6-a643-bd89e41e85c0
2025-12-10T18:19:42.071+05:00 DEBUG 49658 --- [User-service] [main] [                                                 ] t.w.userservice.service.UserService      : Creating new user: test@example.com
2025-12-10T18:19:42.071+05:00  INFO 49658 --- [User-service] [main] [                                                 ] t.w.userservice.service.UserService      : User created with ID: b295eea1-97a4-4893-a458-5be1a064e9a7
2025-12-10T18:19:42.076+05:00 DEBUG 49658 --- [User-service] [main] [                                                 ] t.w.userservice.service.UserService      : Deleting user by phone: +79999999999
2025-12-10T18:19:42.081+05:00 DEBUG 49658 --- [User-service] [main] [                                                 ] t.w.userservice.service.UserService      : Finding user by email: test@example.com
2025-12-10T18:19:42.132+05:00 DEBUG 49658 --- [User-service] [main] [                                                 ] t.w.userservice.service.UserService      : Checking if email exists: nonexistent@example.com
2025-12-10T18:19:42.138+05:00 DEBUG 49658 --- [User-service] [main] [                                                 ] t.w.userservice.service.UserService      : Deleting user by ID: a2569ecf-743f-4bb2-b009-b63d54f66ffa
2025-12-10T18:19:42.150+05:00 DEBUG 49658 --- [User-service] [main] [                                                 ] t.w.userservice.service.UserService      : Deleting user by phone: +79123456789
2025-12-10T18:19:42.151+05:00  INFO 49658 --- [User-service] [main] [                                                 ] t.w.userservice.service.UserService      : User deleted successfully with phone: +79123456789
2025-12-10T18:19:42.161+05:00 DEBUG 49658 --- [User-service] [main] [                                                 ] t.w.userservice.service.UserService      : Getting all users
2025-12-10T18:19:42.166+05:00 DEBUG 49658 --- [User-service] [main] [                                                 ] t.w.userservice.service.UserService      : Checking if email exists: test@example.com
2025-12-10T18:19:42.171+05:00 DEBUG 49658 --- [User-service] [main] [                                                 ] t.w.userservice.service.UserService      : Finding user by email: nonexistent@example.com
2025-12-10T18:19:42.179+05:00 DEBUG 49658 --- [User-service] [main] [                                                 ] t.w.userservice.service.UserService      : Finding user by ID: b01564aa-b82c-406a-999c-10b4bc58fd73
2025-12-10T18:19:42.186+05:00 DEBUG 49658 --- [User-service] [main] [                                                 ] t.w.userservice.service.UserService      : Finding user by ID: 67b7e43d-3212-444c-ad66-470d0694fa72
2025-12-10T18:19:42.202+05:00 DEBUG 49658 --- [User-service] [main] [                                                 ] t.w.userservice.service.UserService      : Finding user by phone: +79999999999
2025-12-10T18:19:42.212+05:00 DEBUG 49658 --- [User-service] [main] [                                                 ] t.w.userservice.service.UserService      : Deleting user by email: test@example.com
2025-12-10T18:19:42.214+05:00  INFO 49658 --- [User-service] [main] [                                                 ] t.w.userservice.service.UserService      : User deleted successfully with email: test@example.com
2025-12-10T18:19:42.311+05:00  INFO 49658 --- [User-service] [main] [                                                 ] t.w.u.service.AuthenticationService      : Authentication attempt for user: test@example.com
2025-12-10T18:19:42.311+05:00  WARN 49658 --- [User-service] [main] [                                                 ] t.w.u.service.AuthenticationService      : Authentication failed - user not found: test@example.com
2025-12-10T18:19:42.314+05:00 DEBUG 49658 --- [User-service] [main] [                                                 ] t.w.u.service.AuthenticationService      : Getting current user: nonexistent@example.com
2025-12-10T18:19:42.315+05:00  WARN 49658 --- [User-service] [main] [                                                 ] t.w.u.service.AuthenticationService      : User not found: nonexistent@example.com
2025-12-10T18:19:42.320+05:00  INFO 49658 --- [User-service] [main] [                                                 ] t.w.u.service.AuthenticationService      : Password reset attempt for: test@example.com
2025-12-10T18:19:42.320+05:00  INFO 49658 --- [User-service] [main] [                                                 ] t.w.u.service.AuthenticationService      : Password successfully reset for: test@example.com
2025-12-10T18:19:42.324+05:00  INFO 49658 --- [User-service] [main] [                                                 ] t.w.u.service.AuthenticationService      : Update user attempt for: test@example.com
2025-12-10T18:19:42.329+05:00  INFO 49658 --- [User-service] [main] [                                                 ] t.w.u.service.AuthenticationService      : Logout request for user: nonexistent@example.com
2025-12-10T18:19:42.329+05:00  WARN 49658 --- [User-service] [main] [                                                 ] t.w.u.service.AuthenticationService      : Logout failed - user not found: nonexistent@example.com
2025-12-10T18:19:42.331+05:00  INFO 49658 --- [User-service] [main] [                                                 ] t.w.u.service.AuthenticationService      : Password reset attempt for: nonexistent@example.com
2025-12-10T18:19:42.331+05:00  WARN 49658 --- [User-service] [main] [                                                 ] t.w.u.service.AuthenticationService      : Password reset failed - user not found: nonexistent@example.com
2025-12-10T18:19:42.333+05:00 DEBUG 49658 --- [User-service] [main] [                                                 ] t.w.u.service.AuthenticationService      : Getting current user: test@example.com
2025-12-10T18:19:42.337+05:00  INFO 49658 --- [User-service] [main] [                                                 ] t.w.u.service.AuthenticationService      : Refresh token attempt
2025-12-10T18:19:42.337+05:00 DEBUG 49658 --- [User-service] [main] [                                                 ] t.w.u.service.AuthenticationService      : Extracted user ID from refresh token: 70fa7f32-b52c-4b62-91be-1214cceee275
2025-12-10T18:19:42.338+05:00  INFO 49658 --- [User-service] [main] [                                                 ] t.w.u.service.AuthenticationService      : Refresh token successful for user: test@example.com
2025-12-10T18:19:42.343+05:00  INFO 49658 --- [User-service] [main] [                                                 ] t.w.u.service.AuthenticationService      : Update user attempt for: test@example.com
2025-12-10T18:19:42.343+05:00 DEBUG 49658 --- [User-service] [main] [                                                 ] t.w.u.service.AuthenticationService      : Password not provided, keeping existing one for user: test@example.com
2025-12-10T18:19:42.344+05:00  INFO 49658 --- [User-service] [main] [                                                 ] t.w.u.service.AuthenticationService      : User updated successfully: test@example.com
2025-12-10T18:19:42.346+05:00  INFO 49658 --- [User-service] [main] [                                                 ] t.w.u.service.AuthenticationService      : Logout request for user: test@example.com
2025-12-10T18:19:42.347+05:00  INFO 49658 --- [User-service] [main] [                                                 ] t.w.u.service.AuthenticationService      : Successful logout for user: test@example.com
2025-12-10T18:19:42.350+05:00  INFO 49658 --- [User-service] [main] [                                                 ] t.w.u.service.AuthenticationService      : Attempting to sign up user with email: newuser@example.com and phone: +79001234567
2025-12-10T18:19:42.350+05:00  WARN 49658 --- [User-service] [main] [                                                 ] t.w.u.service.AuthenticationService      : Signup failed - email already exists: newuser@example.com
2025-12-10T18:19:42.353+05:00  INFO 49658 --- [User-service] [main] [                                                 ] t.w.u.service.AuthenticationService      : Refresh token attempt
2025-12-10T18:19:42.354+05:00  WARN 49658 --- [User-service] [main] [                                                 ] t.w.u.service.AuthenticationService      : Refresh token attempt failed - token is null
2025-12-10T18:19:42.356+05:00  INFO 49658 --- [User-service] [main] [                                                 ] t.w.u.service.AuthenticationService      : Refresh token attempt
2025-12-10T18:19:42.356+05:00 DEBUG 49658 --- [User-service] [main] [                                                 ] t.w.u.service.AuthenticationService      : Extracted user ID from refresh token: dbefb2be-5ef6-44d2-97f0-867f40a344dc
2025-12-10T18:19:42.357+05:00  WARN 49658 --- [User-service] [main] [                                                 ] t.w.u.service.AuthenticationService      : Refresh token attempt failed - user not found by ID: dbefb2be-5ef6-44d2-97f0-867f40a344dc
2025-12-10T18:19:42.359+05:00  INFO 49658 --- [User-service] [main] [                                                 ] t.w.u.service.AuthenticationService      : Update user attempt for: test@example.com
2025-12-10T18:19:42.361+05:00  INFO 49658 --- [User-service] [main] [                                                 ] t.w.u.service.AuthenticationService      : Authentication attempt for user: test@example.com
2025-12-10T18:19:42.361+05:00 DEBUG 49658 --- [User-service] [main] [                                                 ] t.w.u.service.AuthenticationService      : Spring Security authentication successful for: test@example.com
2025-12-10T18:19:42.361+05:00  INFO 49658 --- [User-service] [main] [                                                 ] t.w.u.service.AuthenticationService      : Successful authentication for user: test@example.com
2025-12-10T18:19:42.364+05:00  INFO 49658 --- [User-service] [main] [                                                 ] t.w.u.service.AuthenticationService      : Authentication attempt for user: test@example.com
2025-12-10T18:19:42.364+05:00 ERROR 49658 --- [User-service] [main] [                                                 ] t.w.u.service.AuthenticationService      : Spring Security authentication failed for: test@example.com

org.springframework.security.authentication.BadCredentialsException: Bad credentials
	at test.weewee.userservice.service.AuthenticationService.authenticate(AuthenticationService.java:71) ~[classes/:na]
	at test.weewee.userservice.service.AuthenticationServiceTest.lambda$authenticate_InvalidPassword_ShouldThrowAuthException$0(AuthenticationServiceTest.java:195) ~[test-classes/:na]
	at org.junit.jupiter.api.AssertThrows.assertThrows(AssertThrows.java:53) ~[junit-jupiter-api-5.12.2.jar:5.12.2]
	at org.junit.jupiter.api.AssertThrows.assertThrows(AssertThrows.java:35) ~[junit-jupiter-api-5.12.2.jar:5.12.2]
	at org.junit.jupiter.api.Assertions.assertThrows(Assertions.java:3128) ~[junit-jupiter-api-5.12.2.jar:5.12.2]
	at test.weewee.userservice.service.AuthenticationServiceTest.authenticate_InvalidPassword_ShouldThrowAuthException(AuthenticationServiceTest.java:194) ~[test-classes/:na]
	at java.base/jdk.internal.reflect.DirectMethodHandleAccessor.invoke(DirectMethodHandleAccessor.java:104) ~[na:na]
	at java.base/java.lang.reflect.Method.invoke(Method.java:565) ~[na:na]
	at org.junit.platform.commons.util.ReflectionUtils.invokeMethod(ReflectionUtils.java:775) ~[junit-platform-commons-1.12.2.jar:1.12.2]
	at org.junit.platform.commons.support.ReflectionSupport.invokeMethod(ReflectionSupport.java:479) ~[junit-platform-commons-1.12.2.jar:1.12.2]
	at org.junit.jupiter.engine.execution.MethodInvocation.proceed(MethodInvocation.java:60) ~[junit-jupiter-engine-5.12.2.jar:5.12.2]
	at org.junit.jupiter.engine.execution.InvocationInterceptorChain$ValidatingInvocation.proceed(InvocationInterceptorChain.java:131) ~[junit-jupiter-engine-5.12.2.jar:5.12.2]
	at org.junit.jupiter.engine.extension.TimeoutExtension.intercept(TimeoutExtension.java:161) ~[junit-jupiter-engine-5.12.2.jar:5.12.2]
	at org.junit.jupiter.engine.extension.TimeoutExtension.interceptTestableMethod(TimeoutExtension.java:152) ~[junit-jupiter-engine-5.12.2.jar:5.12.2]
	at org.junit.jupiter.engine.extension.TimeoutExtension.interceptTestMethod(TimeoutExtension.java:91) ~[junit-jupiter-engine-5.12.2.jar:5.12.2]
	at org.junit.jupiter.engine.execution.InterceptingExecutableInvoker$ReflectiveInterceptorCall.lambda$ofVoidMethod$0(InterceptingExecutableInvoker.java:112) ~[junit-jupiter-engine-5.12.2.jar:5.12.2]
	at org.junit.jupiter.engine.execution.InterceptingExecutableInvoker.lambda$invoke$0(InterceptingExecutableInvoker.java:94) ~[junit-jupiter-engine-5.12.2.jar:5.12.2]
	at org.junit.jupiter.engine.execution.InvocationInterceptorChain$InterceptedInvocation.proceed(InvocationInterceptorChain.java:106) ~[junit-jupiter-engine-5.12.2.jar:5.12.2]
	at org.junit.jupiter.engine.execution.InvocationInterceptorChain.proceed(InvocationInterceptorChain.java:64) ~[junit-jupiter-engine-5.12.2.jar:5.12.2]
	at org.junit.jupiter.engine.execution.InvocationInterceptorChain.chainAndInvoke(InvocationInterceptorChain.java:45) ~[junit-jupiter-engine-5.12.2.jar:5.12.2]
	at org.junit.jupiter.engine.execution.InvocationInterceptorChain.invoke(InvocationInterceptorChain.java:37) ~[junit-jupiter-engine-5.12.2.jar:5.12.2]
	at org.junit.jupiter.engine.execution.InterceptingExecutableInvoker.invoke(InterceptingExecutableInvoker.java:93) ~[junit-jupiter-engine-5.12.2.jar:5.12.2]
	at org.junit.jupiter.engine.execution.InterceptingExecutableInvoker.invoke(InterceptingExecutableInvoker.java:87) ~[junit-jupiter-engine-5.12.2.jar:5.12.2]
	at org.junit.jupiter.engine.descriptor.TestMethodTestDescriptor.lambda$invokeTestMethod$7(TestMethodTestDescriptor.java:216) ~[junit-jupiter-engine-5.12.2.jar:5.12.2]
	at org.junit.platform.engine.support.hierarchical.ThrowableCollector.execute(ThrowableCollector.java:73) ~[junit-platform-engine-1.12.2.jar:1.12.2]
	at org.junit.jupiter.engine.descriptor.TestMethodTestDescriptor.invokeTestMethod(TestMethodTestDescriptor.java:212) ~[junit-jupiter-engine-5.12.2.jar:5.12.2]
	at org.junit.jupiter.engine.descriptor.TestMethodTestDescriptor.execute(TestMethodTestDescriptor.java:137) ~[junit-jupiter-engine-5.12.2.jar:5.12.2]
	at org.junit.jupiter.engine.descriptor.TestMethodTestDescriptor.execute(TestMethodTestDescriptor.java:69) ~[junit-jupiter-engine-5.12.2.jar:5.12.2]
	at org.junit.platform.engine.support.hierarchical.NodeTestTask.lambda$executeRecursively$6(NodeTestTask.java:156) ~[junit-platform-engine-1.12.2.jar:1.12.2]
	at org.junit.platform.engine.support.hierarchical.ThrowableCollector.execute(ThrowableCollector.java:73) ~[junit-platform-engine-1.12.2.jar:1.12.2]
	at org.junit.platform.engine.support.hierarchical.NodeTestTask.lambda$executeRecursively$8(NodeTestTask.java:146) ~[junit-platform-engine-1.12.2.jar:1.12.2]
	at org.junit.platform.engine.support.hierarchical.Node.around(Node.java:137) ~[junit-platform-engine-1.12.2.jar:1.12.2]
	at org.junit.platform.engine.support.hierarchical.NodeTestTask.lambda$executeRecursively$9(NodeTestTask.java:144) ~[junit-platform-engine-1.12.2.jar:1.12.2]
	at org.junit.platform.engine.support.hierarchical.ThrowableCollector.execute(ThrowableCollector.java:73) ~[junit-platform-engine-1.12.2.jar:1.12.2]
	at org.junit.platform.engine.support.hierarchical.NodeTestTask.executeRecursively(NodeTestTask.java:143) ~[junit-platform-engine-1.12.2.jar:1.12.2]
	at org.junit.platform.engine.support.hierarchical.NodeTestTask.execute(NodeTestTask.java:100) ~[junit-platform-engine-1.12.2.jar:1.12.2]
	at java.base/java.util.ArrayList.forEach(ArrayList.java:1604) ~[na:na]
	at org.junit.platform.engine.support.hierarchical.SameThreadHierarchicalTestExecutorService.invokeAll(SameThreadHierarchicalTestExecutorService.java:41) ~[junit-platform-engine-1.12.2.jar:1.12.2]
	at org.junit.platform.engine.support.hierarchical.NodeTestTask.lambda$executeRecursively$6(NodeTestTask.java:160) ~[junit-platform-engine-1.12.2.jar:1.12.2]
	at org.junit.platform.engine.support.hierarchical.ThrowableCollector.execute(ThrowableCollector.java:73) ~[junit-platform-engine-1.12.2.jar:1.12.2]
	at org.junit.platform.engine.support.hierarchical.NodeTestTask.lambda$executeRecursively$8(NodeTestTask.java:146) ~[junit-platform-engine-1.12.2.jar:1.12.2]
	at org.junit.platform.engine.support.hierarchical.Node.around(Node.java:137) ~[junit-platform-engine-1.12.2.jar:1.12.2]
	at org.junit.platform.engine.support.hierarchical.NodeTestTask.lambda$executeRecursively$9(NodeTestTask.java:144) ~[junit-platform-engine-1.12.2.jar:1.12.2]
	at org.junit.platform.engine.support.hierarchical.ThrowableCollector.execute(ThrowableCollector.java:73) ~[junit-platform-engine-1.12.2.jar:1.12.2]
	at org.junit.platform.engine.support.hierarchical.NodeTestTask.executeRecursively(NodeTestTask.java:143) ~[junit-platform-engine-1.12.2.jar:1.12.2]
	at org.junit.platform.engine.support.hierarchical.NodeTestTask.execute(NodeTestTask.java:100) ~[junit-platform-engine-1.12.2.jar:1.12.2]
	at java.base/java.util.ArrayList.forEach(ArrayList.java:1604) ~[na:na]
	at org.junit.platform.engine.support.hierarchical.SameThreadHierarchicalTestExecutorService.invokeAll(SameThreadHierarchicalTestExecutorService.java:41) ~[junit-platform-engine-1.12.2.jar:1.12.2]
	at org.junit.platform.engine.support.hierarchical.NodeTestTask.lambda$executeRecursively$6(NodeTestTask.java:160) ~[junit-platform-engine-1.12.2.jar:1.12.2]
	at org.junit.platform.engine.support.hierarchical.ThrowableCollector.execute(ThrowableCollector.java:73) ~[junit-platform-engine-1.12.2.jar:1.12.2]
	at org.junit.platform.engine.support.hierarchical.NodeTestTask.lambda$executeRecursively$8(NodeTestTask.java:146) ~[junit-platform-engine-1.12.2.jar:1.12.2]
	at org.junit.platform.engine.support.hierarchical.Node.around(Node.java:137) ~[junit-platform-engine-1.12.2.jar:1.12.2]
	at org.junit.platform.engine.support.hierarchical.NodeTestTask.lambda$executeRecursively$9(NodeTestTask.java:144) ~[junit-platform-engine-1.12.2.jar:1.12.2]
	at org.junit.platform.engine.support.hierarchical.ThrowableCollector.execute(ThrowableCollector.java:73) ~[junit-platform-engine-1.12.2.jar:1.12.2]
	at org.junit.platform.engine.support.hierarchical.NodeTestTask.executeRecursively(NodeTestTask.java:143) ~[junit-platform-engine-1.12.2.jar:1.12.2]
	at org.junit.platform.engine.support.hierarchical.NodeTestTask.execute(NodeTestTask.java:100) ~[junit-platform-engine-1.12.2.jar:1.12.2]
	at org.junit.platform.engine.support.hierarchical.SameThreadHierarchicalTestExecutorService.submit(SameThreadHierarchicalTestExecutorService.java:35) ~[junit-platform-engine-1.12.2.jar:1.12.2]
	at org.junit.platform.engine.support.hierarchical.HierarchicalTestExecutor.execute(HierarchicalTestExecutor.java:57) ~[junit-platform-engine-1.12.2.jar:1.12.2]
	at org.junit.platform.engine.support.hierarchical.HierarchicalTestEngine.execute(HierarchicalTestEngine.java:54) ~[junit-platform-engine-1.12.2.jar:1.12.2]
	at org.junit.platform.launcher.core.EngineExecutionOrchestrator.execute(EngineExecutionOrchestrator.java:201) ~[junit-platform-launcher-1.12.2.jar:1.12.2]
	at org.junit.platform.launcher.core.EngineExecutionOrchestrator.execute(EngineExecutionOrchestrator.java:170) ~[junit-platform-launcher-1.12.2.jar:1.12.2]
	at org.junit.platform.launcher.core.EngineExecutionOrchestrator.execute(EngineExecutionOrchestrator.java:94) ~[junit-platform-launcher-1.12.2.jar:1.12.2]
	at org.junit.platform.launcher.core.EngineExecutionOrchestrator.lambda$execute$0(EngineExecutionOrchestrator.java:59) ~[junit-platform-launcher-1.12.2.jar:1.12.2]
	at org.junit.platform.launcher.core.EngineExecutionOrchestrator.withInterceptedStreams(EngineExecutionOrchestrator.java:142) ~[junit-platform-launcher-1.12.2.jar:1.12.2]
	at org.junit.platform.launcher.core.EngineExecutionOrchestrator.execute(EngineExecutionOrchestrator.java:58) ~[junit-platform-launcher-1.12.2.jar:1.12.2]
	at org.junit.platform.launcher.core.DefaultLauncher.execute(DefaultLauncher.java:103) ~[junit-platform-launcher-1.12.2.jar:1.12.2]
	at org.junit.platform.launcher.core.DefaultLauncher.execute(DefaultLauncher.java:85) ~[junit-platform-launcher-1.12.2.jar:1.12.2]
	at org.junit.platform.launcher.core.DelegatingLauncher.execute(DelegatingLauncher.java:47) ~[junit-platform-launcher-1.12.2.jar:1.12.2]
	at org.junit.platform.launcher.core.InterceptingLauncher.lambda$execute$1(InterceptingLauncher.java:39) ~[junit-platform-launcher-1.12.2.jar:1.12.2]
	at org.junit.platform.launcher.core.ClasspathAlignmentCheckingLauncherInterceptor.intercept(ClasspathAlignmentCheckingLauncherInterceptor.java:25) ~[junit-platform-launcher-1.12.2.jar:1.12.2]
	at org.junit.platform.launcher.core.InterceptingLauncher.execute(InterceptingLauncher.java:38) ~[junit-platform-launcher-1.12.2.jar:1.12.2]
	at org.junit.platform.launcher.core.DelegatingLauncher.execute(DelegatingLauncher.java:47) ~[junit-platform-launcher-1.12.2.jar:1.12.2]
	at org.apache.maven.surefire.junitplatform.LauncherAdapter.executeWithoutCancellationToken(LauncherAdapter.java:60) ~[surefire-junit-platform-3.5.4.jar:3.5.4]
	at org.apache.maven.surefire.junitplatform.LauncherAdapter.execute(LauncherAdapter.java:52) ~[surefire-junit-platform-3.5.4.jar:3.5.4]
	at org.apache.maven.surefire.junitplatform.JUnitPlatformProvider.execute(JUnitPlatformProvider.java:203) ~[surefire-junit-platform-3.5.4.jar:3.5.4]
	at org.apache.maven.surefire.junitplatform.JUnitPlatformProvider.invokeAllTests(JUnitPlatformProvider.java:168) ~[surefire-junit-platform-3.5.4.jar:3.5.4]
	at org.apache.maven.surefire.junitplatform.JUnitPlatformProvider.invoke(JUnitPlatformProvider.java:136) ~[surefire-junit-platform-3.5.4.jar:3.5.4]
	at org.apache.maven.surefire.booter.ForkedBooter.runSuitesInProcess(ForkedBooter.java:385) ~[surefire-booter-3.5.4.jar:3.5.4]
	at org.apache.maven.surefire.booter.ForkedBooter.execute(ForkedBooter.java:162) ~[surefire-booter-3.5.4.jar:3.5.4]
	at org.apache.maven.surefire.booter.ForkedBooter.run(ForkedBooter.java:507) ~[surefire-booter-3.5.4.jar:3.5.4]
	at org.apache.maven.surefire.booter.ForkedBooter.main(ForkedBooter.java:495) ~[surefire-booter-3.5.4.jar:3.5.4]

2025-12-10T18:19:42.369+05:00  INFO 49658 --- [User-service] [main] [                                                 ] t.w.u.service.AuthenticationService      : Update user attempt for: test@example.com
2025-12-10T18:19:42.370+05:00 DEBUG 49658 --- [User-service] [main] [                                                 ] t.w.u.service.AuthenticationService      : Updating password for user: test@example.com
2025-12-10T18:19:42.370+05:00  INFO 49658 --- [User-service] [main] [                                                 ] t.w.u.service.AuthenticationService      : User email changed: test@example.com -> newemail@example.com
2025-12-10T18:19:42.370+05:00  INFO 49658 --- [User-service] [main] [                                                 ] t.w.u.service.AuthenticationService      : User updated successfully: newemail@example.com
2025-12-10T18:19:42.371+05:00  INFO 49658 --- [User-service] [main] [                                                 ] t.w.u.service.AuthenticationService      : Refresh token attempt
2025-12-10T18:19:42.371+05:00  WARN 49658 --- [User-service] [main] [                                                 ] t.w.u.service.AuthenticationService      : Refresh token validation failed
2025-12-10T18:19:42.372+05:00  INFO 49658 --- [User-service] [main] [                                                 ] t.w.u.service.AuthenticationService      : Attempting to sign up user with email: newuser@example.com and phone: +79001234567
2025-12-10T18:19:42.372+05:00  WARN 49658 --- [User-service] [main] [                                                 ] t.w.u.service.AuthenticationService      : Signup failed - phone already exists: +79001234567
2025-12-10T18:19:42.382+05:00  INFO 49658 --- [User-service] [main] [                                                 ] t.w.u.service.AuthenticationService      : Attempting to sign up user with email: newuser@example.com and phone: +79001234567
2025-12-10T18:19:42.382+05:00  INFO 49658 --- [User-service] [main] [                                                 ] t.w.u.service.AuthenticationService      : User successfully registered with ID: 5a71a9c8-c962-4b13-9e2f-69fffceb90b2
2025-12-10T18:19:42.650+05:00 DEBUG 49658 --- [User-service] [SpringApplicationShutdownHook] [                                                 ] o.s.w.c.s.GenericWebApplicationContext   : Closing org.springframework.web.context.support.GenericWebApplicationContext@7c891ba7, started on Wed Dec 10 18:19:39 GMT+05:00 2025
2025-12-10T18:19:42.668+05:00  INFO 49658 --- [User-service] [SpringApplicationShutdownHook] [                                                 ] j.LocalContainerEntityManagerFactoryBean : Closing JPA EntityManagerFactory for persistence unit 'default'
2025-12-10T18:19:42.674+05:00  INFO 49658 --- [User-service] [SpringApplicationShutdownHook] [                                                 ] com.zaxxer.hikari.HikariDataSource       : HikariPool-1 - Shutdown initiated...
2025-12-10T18:19:42.682+05:00  INFO 49658 --- [User-service] [SpringApplicationShutdownHook] [                                                 ] com.zaxxer.hikari.HikariDataSource       : HikariPool-1 - Shutdown completed.
2025-12-10T18:24:20.594+05:00  INFO 50287 --- [User-service] [main] [                                                 ] t.w.userservice.UserServiceApplication   : Starting UserServiceApplication using Java 25.0.1 with PID 50287 (/Users/germancerkasov/Downloads/user-service-main/user-service/target/classes started by germancerkasov in /Users/germancerkasov/Downloads/user-service-main/user-service)
2025-12-10T18:24:20.597+05:00 DEBUG 50287 --- [User-service] [main] [                                                 ] t.w.userservice.UserServiceApplication   : Running with Spring Boot v3.5.7, Spring v6.2.12
2025-12-10T18:24:20.597+05:00  INFO 50287 --- [User-service] [main] [                                                 ] t.w.userservice.UserServiceApplication   : No active profile set, falling back to 1 default profile: "default"
2025-12-10T18:24:21.584+05:00  INFO 50287 --- [User-service] [main] [                                                 ] .s.d.r.c.RepositoryConfigurationDelegate : Bootstrapping Spring Data JPA repositories in DEFAULT mode.
2025-12-10T18:24:21.627+05:00  INFO 50287 --- [User-service] [main] [                                                 ] .s.d.r.c.RepositoryConfigurationDelegate : Finished Spring Data repository scanning in 36 ms. Found 1 JPA repository interface.
2025-12-10T18:24:22.111+05:00  INFO 50287 --- [User-service] [main] [                                                 ] o.s.b.w.embedded.tomcat.TomcatWebServer  : Tomcat initialized with port 8080 (https)
2025-12-10T18:24:22.123+05:00  INFO 50287 --- [User-service] [main] [                                                 ] o.apache.catalina.core.StandardService   : Starting service [Tomcat]
2025-12-10T18:24:22.128+05:00  INFO 50287 --- [User-service] [main] [                                                 ] o.apache.catalina.core.StandardEngine    : Starting Servlet engine: [Apache Tomcat/10.1.48]
2025-12-10T18:24:22.172+05:00  INFO 50287 --- [User-service] [main] [                                                 ] o.a.c.c.C.[Tomcat].[localhost].[/]       : Initializing Spring embedded WebApplicationContext
2025-12-10T18:24:22.172+05:00  INFO 50287 --- [User-service] [main] [                                                 ] w.s.c.ServletWebServerApplicationContext : Root WebApplicationContext: initialization completed in 1535 ms
2025-12-10T18:24:22.440+05:00  WARN 50287 --- [User-service] [main] [                                                 ] JpaBaseConfiguration$JpaWebConfiguration : spring.jpa.open-in-view is enabled by default. Therefore, database queries may be performed during view rendering. Explicitly configure spring.jpa.open-in-view to disable this warning
2025-12-10T18:24:22.495+05:00  INFO 50287 --- [User-service] [main] [                                                 ] o.hibernate.jpa.internal.util.LogHelper  : HHH000204: Processing PersistenceUnitInfo [name: default]
2025-12-10T18:24:22.529+05:00  INFO 50287 --- [User-service] [main] [                                                 ] org.hibernate.Version                    : HHH000412: Hibernate ORM core version 6.6.33.Final
2025-12-10T18:24:22.556+05:00  INFO 50287 --- [User-service] [main] [                                                 ] o.h.c.internal.RegionFactoryInitiator    : HHH000026: Second-level cache disabled
2025-12-10T18:24:22.721+05:00  INFO 50287 --- [User-service] [main] [                                                 ] o.s.o.j.p.SpringPersistenceUnitInfo      : No LoadTimeWeaver setup: ignoring JPA class transformer
2025-12-10T18:24:22.739+05:00  INFO 50287 --- [User-service] [main] [                                                 ] com.zaxxer.hikari.HikariDataSource       : HikariPool-1 - Starting...
2025-12-10T18:24:22.836+05:00  INFO 50287 --- [User-service] [main] [                                                 ] com.zaxxer.hikari.pool.HikariPool        : HikariPool-1 - Added connection org.postgresql.jdbc.PgConnection@40fcaae7
2025-12-10T18:24:22.837+05:00  INFO 50287 --- [User-service] [main] [                                                 ] com.zaxxer.hikari.HikariDataSource       : HikariPool-1 - Start completed.
2025-12-10T18:24:22.857+05:00  WARN 50287 --- [User-service] [main] [                                                 ] org.hibernate.orm.deprecation            : HHH90000025: PostgreSQLDialect does not need to be specified explicitly using 'hibernate.dialect' (remove the property setting and it will be selected by default)
2025-12-10T18:24:22.868+05:00  INFO 50287 --- [User-service] [main] [                                                 ] org.hibernate.orm.connections.pooling    : HHH10001005: Database info:
	Database JDBC URL [Connecting through datasource 'HikariDataSource (HikariPool-1)']
	Database driver: undefined/unknown
	Database version: 15.14
	Autocommit mode: undefined/unknown
	Isolation level: undefined/unknown
	Minimum pool size: undefined/unknown
	Maximum pool size: undefined/unknown
2025-12-10T18:24:23.450+05:00  INFO 50287 --- [User-service] [main] [                                                 ] o.h.e.t.j.p.i.JtaPlatformInitiator       : HHH000489: No JTA platform available (set 'hibernate.transaction.jta.platform' to enable JTA platform integration)
2025-12-10T18:24:23.503+05:00  INFO 50287 --- [User-service] [main] [                                                 ] j.LocalContainerEntityManagerFactoryBean : Initialized JPA EntityManagerFactory for persistence unit 'default'
2025-12-10T18:24:23.592+05:00 DEBUG 50287 --- [User-service] [main] [                                                 ] .m.m.a.ExceptionHandlerExceptionResolver : ControllerAdvice beans: 2 @ExceptionHandler, 1 ResponseBodyAdvice
2025-12-10T18:24:23.852+05:00 DEBUG 50287 --- [User-service] [main] [                                                 ] t.w.u.config.JwtAuthenticationFilter     : Filter 'jwtAuthenticationFilter' configured for use
2025-12-10T18:24:23.853+05:00 DEBUG 50287 --- [User-service] [main] [                                                 ] o.s.w.f.ServerHttpObservationFilter      : Filter 'webMvcObservationFilter' configured for use
2025-12-10T18:24:23.904+05:00  INFO 50287 --- [User-service] [main] [                                                 ] eAuthenticationProviderManagerConfigurer : Global AuthenticationManager configured with AuthenticationProvider bean with name authenticationProvider
2025-12-10T18:24:23.905+05:00  WARN 50287 --- [User-service] [main] [                                                 ] r$InitializeUserDetailsManagerConfigurer : Global AuthenticationManager configured with an AuthenticationProvider bean. UserDetailsService beans will not be used by Spring Security for automatically configuring username/password login. Consider removing the AuthenticationProvider bean. Alternatively, consider using the UserDetailsService in a manually instantiated DaoAuthenticationProvider. If the current configuration is intentional, to turn off this warning, increase the logging level of 'org.springframework.security.config.annotation.authentication.configuration.InitializeUserDetailsBeanManagerConfigurer' to ERROR
2025-12-10T18:24:24.098+05:00 DEBUG 50287 --- [User-service] [main] [                                                 ] s.w.s.m.m.a.RequestMappingHandlerMapping : 19 mappings in 'requestMappingHandlerMapping'
2025-12-10T18:24:24.122+05:00 DEBUG 50287 --- [User-service] [main] [                                                 ] o.s.w.s.handler.SimpleUrlHandlerMapping  : Patterns [/webjars/**, /**, /swagger-ui*/*swagger-initializer.js, /swagger-ui*/**] in 'resourceHandlerMapping'
2025-12-10T18:24:24.196+05:00  INFO 50287 --- [User-service] [main] [                                                 ] o.s.b.a.e.web.EndpointLinksResolver      : Exposing 2 endpoints beneath base path '/actuator'
2025-12-10T18:24:24.277+05:00 DEBUG 50287 --- [User-service] [main] [                                                 ] o.s.s.web.DefaultSecurityFilterChain     : Will secure any request with filters: DisableEncodeUrlFilter, WebAsyncManagerIntegrationFilter, SecurityContextHolderFilter, HeaderWriterFilter, LogoutFilter, JwtAuthenticationFilter, RequestCacheAwareFilter, SecurityContextHolderAwareRequestFilter, AnonymousAuthenticationFilter, SessionManagementFilter, ExceptionTranslationFilter, AuthorizationFilter
2025-12-10T18:24:24.312+05:00 DEBUG 50287 --- [User-service] [main] [                                                 ] s.w.s.m.m.a.RequestMappingHandlerAdapter : ControllerAdvice beans: 0 @ModelAttribute, 0 @InitBinder, 1 RequestBodyAdvice, 1 ResponseBodyAdvice
2025-12-10T18:24:24.583+05:00  INFO 50287 --- [User-service] [main] [                                                 ] o.a.t.util.net.NioEndpoint.certificate   : Connector [https-jsse-nio-8080], TLS virtual host [_default_], certificate type [UNDEFINED] configured from keystore [/Users/germancerkasov/.keystore] using alias [tomcat] with trust store [null]
2025-12-10T18:24:24.591+05:00  INFO 50287 --- [User-service] [main] [                                                 ] o.s.b.w.embedded.tomcat.TomcatWebServer  : Tomcat started on port 8080 (https) with context path '/'
2025-12-10T18:24:24.616+05:00  INFO 50287 --- [User-service] [main] [                                                 ] t.w.userservice.UserServiceApplication   : Started UserServiceApplication in 4.393 seconds (process running for 4.69)
